// Jest Snapshot v1, https://goo.gl/fbAQLP

exports[`expect to render Header component 1`] = `"<h1 id=\\"title\\" className=\\"f1\\" />"`;
