// Jest Snapshot v1, https://goo.gl/fbAQLP

exports[`expect to render Card component 1`] = `"<div style={{...}} />"`;

exports[`expect to render Scroll component 1`] = `"<div style={{...}} />"`;
